94 cases
case_1: r_tmax=0.84 hypo 33/18 dice 0.69 core 0/0 2.31s
case_2: r_tmax=0.73 hypo 0/1 dice 0.00 core 0/0 3.45s
case_3: r_tmax=0.90 hypo 15/17 dice 0.91 core 3/2 3.09s
case_4: r_tmax=0.91 hypo 31/39 dice 0.86 core 7/6 2.35s
case_5: r_tmax=0.55 hypo 63/89 dice 0.68 core 4/0 3.82s
case_6: r_tmax=0.69 hypo 7/7 dice 0.83 core 0/0 3.55s
case_7: r_tmax=0.42 hypo 47/82 dice 0.38 core 0/2 3.66s
case_8: r_tmax=0.81 hypo 122/126 dice 0.76 core 1/1 2.62s
case_9: r_tmax=0.91 hypo 76/81 dice 0.93 core 17/13 2.12s
case_10: r_tmax=0.89 hypo 27/23 dice 0.89 core 23/22 1.09s
case_11: r_tmax=0.96 hypo 37/38 dice 0.95 core 3/3 1.53s
case_12: r_tmax=0.73 hypo 32/29 dice 0.92 core 6/6 1.08s
case_13: r_tmax=0.83 hypo 47/43 dice 0.93 core 0/0 1.51s
case_14: r_tmax=0.90 hypo 41/38 dice 0.93 core 5/5 1.55s
case_15: r_tmax=0.16 hypo 124/57 dice 0.40 core 0/21 0.97s
case_16: r_tmax=0.38 hypo 11/43 dice 0.40 core 4/6 1.46s
case_17: r_tmax=0.92 hypo 41/55 dice 0.84 core 9/7 1.65s
case_18: r_tmax=0.85 hypo 22/24 dice 0.81 core 4/6 0.72s
case_19: r_tmax=0.92 hypo 51/59 dice 0.91 core 22/21 0.46s
case_20: r_tmax=0.63 hypo 63/60 dice 0.92 core 5/9 0.72s
case_21: r_tmax=0.81 hypo 0/1 dice 0.00 core 0/0 0.54s
case_22: r_tmax=0.64 hypo 23/21 dice 0.82 core 0/0 0.81s
case_23: r_tmax=0.89 hypo 43/48 dice 0.93 core 2/1 1.55s
case_24: r_tmax=0.88 hypo 36/43 dice 0.91 core 1/0 1.65s
case_25: r_tmax=0.53 hypo 69/122 dice 0.70 core 21/9 1.59s
case_26: r_tmax=0.84 hypo 2/0 dice 0.00 core 0/1 1.0s
case_27: r_tmax=0.78 hypo 13/14 dice 0.86 core 10/10 0.9s
case_28: r_tmax=0.91 hypo 32/34 dice 0.96 core 11/14 1.12s
case_29: r_tmax=0.14 hypo 3/46 dice 0.14 core 8/8 1.54s
case_30: r_tmax=0.87 hypo 53/49 dice 0.92 core 7/7 0.93s
case_31: r_tmax=0.01 hypo 15/80 dice 0.07 core 0/1 1.5s
case_32: r_tmax=0.90 hypo 66/61 dice 0.91 core 13/11 1.03s
case_33: r_tmax=0.95 hypo 72/65 dice 0.93 core 8/7 0.95s
case_34: r_tmax=0.92 hypo 38/33 dice 0.90 core 10/11 0.73s
case_35: r_tmax=0.79 hypo 49/42 dice 0.84 core 7/6 0.42s
case_36: r_tmax=0.80 hypo 29/27 dice 0.82 core 19/14 0.68s
case_37: r_tmax=0.56 hypo 26/47 dice 0.66 core 28/9 0.68s
case_38: r_tmax=0.93 hypo 64/58 dice 0.94 core 7/6 0.46s
case_39: r_tmax=0.71 hypo 33/52 dice 0.73 core 3/2 0.87s
case_40: r_tmax=0.88 hypo 59/67 dice 0.92 core 0/0 0.82s
case_41: r_tmax=0.81 hypo 8/2 dice 0.41 core 2/0 0.51s
case_42: r_tmax=0.85 hypo 47/35 dice 0.84 core 12/13 0.47s
case_43: r_tmax=0.82 hypo 71/76 dice 0.93 core 51/50 0.86s
case_44: r_tmax=0.89 hypo 95/101 dice 0.95 core 41/41 0.51s
case_45: r_tmax=0.92 hypo 30/23 dice 0.86 core 5/4 0.55s
case_46: r_tmax=0.90 hypo 56/57 dice 0.97 core 13/9 0.68s
case_47: r_tmax=0.24 hypo 14/45 dice 0.41 core 0/18 0.84s
case_48: r_tmax=0.70 hypo 20/39 dice 0.66 core 10/8 0.87s
case_49: r_tmax=0.80 hypo 39/33 dice 0.90 core 4/3 0.47s
case_50: r_tmax=0.75 hypo 9/34 dice 0.37 core 1/1 0.7s
case_51: r_tmax=-0.19 hypo 188/85 dice 0.32 core 0/11 0.71s
case_52: r_tmax=0.81 hypo 105/88 dice 0.87 core 9/11 0.67s
case_53: r_tmax=0.97 hypo 38/34 dice 0.92 core 8/8 0.66s
case_54: r_tmax=0.95 hypo 39/36 dice 0.95 core 10/10 0.76s
case_55: r_tmax=0.65 hypo 1/1 dice 0.86 core 0/0 0.53s
case_56: r_tmax=0.88 hypo 12/15 dice 0.91 core 5/5 0.52s
case_57: r_tmax=0.15 hypo 11/50 dice 0.36 core 11/19 0.75s
case_58: r_tmax=0.89 hypo 62/59 dice 0.96 core 22/20 0.54s
case_59: r_tmax=0.91 hypo 8/6 dice 0.83 core 7/7 0.68s
case_60: r_tmax=0.85 hypo 19/13 dice 0.78 core 5/6 0.48s
case_61: r_tmax=0.47 hypo 81/65 dice 0.74 core 0/9 0.83s
case_62: r_tmax=0.89 hypo 29/32 dice 0.93 core 3/2 0.55s
case_63: r_tmax=0.87 hypo 9/17 dice 0.69 core 0/1 0.79s
case_64: r_tmax=0.80 hypo 14/17 dice 0.85 core 1/1 0.52s
case_65: r_tmax=0.81 hypo 1/6 dice 0.30 core 2/1 0.77s
case_66: r_tmax=0.90 hypo 40/35 dice 0.92 core 2/2 0.83s
case_67: r_tmax=0.90 hypo 37/37 dice 0.95 core 0/0 0.78s
case_68: r_tmax=0.57 hypo 82/66 dice 0.80 core 8/11 0.87s
case_69: r_tmax=-0.07 hypo 20/54 dice 0.47 core 38/23 0.62s
case_70: r_tmax=0.85 hypo 87/82 dice 0.91 core 44/41 0.89s
case_71: r_tmax=0.93 hypo 95/87 dice 0.94 core 48/47 0.8s
case_72: r_tmax=0.97 hypo 84/79 dice 0.96 core 29/28 0.79s
case_73: r_tmax=0.86 hypo 59/67 dice 0.91 core 18/16 0.74s
case_74: r_tmax=0.89 hypo 42/37 dice 0.91 core 11/10 0.71s
case_75: r_tmax=0.84 hypo 46/45 dice 0.91 core 16/14 0.88s
case_76: r_tmax=0.95 hypo 55/53 dice 0.95 core 14/13 0.88s
case_77: r_tmax=0.80 hypo 56/60 dice 0.93 core 9/9 0.67s
case_78: r_tmax=0.77 hypo 30/27 dice 0.94 core 6/4 0.53s
case_79: r_tmax=0.93 hypo 27/27 dice 0.98 core 0/0 0.68s
case_80: r_tmax=0.81 hypo 160/154 dice 0.89 core 11/12 22.24s
case_81: r_tmax=0.85 hypo 76/83 dice 0.87 core 20/20 9.93s
case_82: r_tmax=0.80 hypo 140/169 dice 0.86 core 92/72 6.81s
case_83: r_tmax=0.90 hypo 144/133 dice 0.91 core 22/20 4.84s
case_84: r_tmax=0.85 hypo 235/237 dice 0.96 core 79/75 8.52s
case_85: r_tmax=0.81 hypo 53/85 dice 0.74 core 61/60 5.86s
case_86: r_tmax=0.47 hypo 302/145 dice 0.46 core 0/0 14.43s
case_87: r_tmax=0.87 hypo 56/70 dice 0.88 core 41/39 11.13s
case_88: r_tmax=0.86 hypo 164/144 dice 0.90 core 17/13 7.71s
case_89: r_tmax=0.68 hypo 105/143 dice 0.81 core 5/4 11.15s
case_90: r_tmax=0.77 hypo 37/36 dice 0.94 core 9/9 10.65s
case_91: r_tmax=0.94 hypo 121/114 dice 0.94 core 56/53 7.03s
case_92: r_tmax=0.80 hypo 11/14 dice 0.89 core 12/12 10.19s
case_93: r_tmax=0.80 hypo 224/300 dice 0.82 core 123/109 11.89s
case_94: r_tmax=0.85 hypo 10/12 dice 0.87 core 3/5 11.1s
{"config": "{\"method\": \"bcsvd\", \"spatial_sigma\": 2.0, \"lam\": 0.1}", "n": 94, "r_cbf": 0.974, "r_cbv": 0.977, "r_tmax": 0.757, "sp_tmax": 0.843, "hypo_dice": 0.773, "hypo_icc": 0.86, "hypo_bias": -1.957, "core_dice": 0.684, "core_icc": 0.964, "core_bias": 0.602, "defuse3_kappa": 0.722, "hypo_dice_t4": 0.628, "hypo_bias_t4": 38.781, "hypo_dice_t5": 0.729, "hypo_bias_t5": 13.411, "hypo_dice_t6": 0.771, "hypo_bias_t6": -0.401, "hypo_dice_t7": 0.742, "hypo_bias_t7": -9.094, "hypo_dice_t8": 0.669, "hypo_bias_t8": -15.45, "hypo_dice_t9": 0.598, "hypo_bias_t9": -20.462, "hypo_dice_t10": 0.528, "hypo_bias_t10": -24.699, "core_dice_c25": 0.552, "core_dice_c30": 0.705, "core_dice_c35": 0.589, "core_dice_c40": 0.451, "seconds": 344.6}
case_1: r_tmax=0.77 hypo 32/18 dice 0.65 core 0/0 2.42s
case_2: r_tmax=0.72 hypo 0/1 dice 0.00 core 0/0 3.74s
case_3: r_tmax=0.90 hypo 16/17 dice 0.90 core 5/2 3.25s
case_4: r_tmax=0.92 hypo 33/39 dice 0.89 core 9/6 2.5s
case_5: r_tmax=0.55 hypo 63/89 dice 0.68 core 4/0 3.53s
case_6: r_tmax=0.69 hypo 7/7 dice 0.83 core 0/0 3.56s
case_7: r_tmax=0.59 hypo 13/82 dice 0.26 core 2/2 4.01s
case_8: r_tmax=0.82 hypo 122/126 dice 0.76 core 1/1 2.76s
case_9: r_tmax=0.90 hypo 79/81 dice 0.92 core 20/13 2.67s
case_10: r_tmax=0.87 hypo 23/23 dice 0.92 core 23/22 1.29s
case_11: r_tmax=0.96 hypo 38/38 dice 0.95 core 4/3 1.62s
case_12: r_tmax=0.69 hypo 32/29 dice 0.91 core 7/6 1.1s
case_13: r_tmax=0.77 hypo 36/43 dice 0.88 core 0/0 1.68s
case_14: r_tmax=0.89 hypo 37/38 dice 0.94 core 10/5 1.5s
case_15: r_tmax=0.08 hypo 118/57 dice 0.58 core 22/21 1.29s
case_16: r_tmax=0.38 hypo 7/43 dice 0.27 core 3/6 1.66s
case_17: r_tmax=0.92 hypo 45/55 dice 0.88 core 18/7 1.5s
case_18: r_tmax=0.83 hypo 25/24 dice 0.84 core 14/6 0.86s
case_19: r_tmax=0.91 hypo 52/59 dice 0.91 core 30/21 0.52s
case_20: r_tmax=0.65 hypo 66/60 dice 0.91 core 10/9 0.73s
case_21: r_tmax=0.80 hypo 0/1 dice 0.00 core 0/0 0.6s
case_22: r_tmax=0.62 hypo 22/21 dice 0.84 core 4/0 0.83s
case_23: r_tmax=0.88 hypo 44/48 dice 0.93 core 9/1 1.63s
case_24: r_tmax=0.88 hypo 38/43 dice 0.93 core 7/0 1.62s
case_25: r_tmax=0.68 hypo 90/122 dice 0.81 core 16/9 1.72s
case_26: r_tmax=0.81 hypo 2/0 dice 0.00 core 4/1 1.08s
case_27: r_tmax=0.72 hypo 12/14 dice 0.82 core 12/10 0.97s
case_28: r_tmax=0.82 hypo 26/34 dice 0.77 core 14/14 1.17s
case_29: r_tmax=0.43 hypo 6/46 dice 0.23 core 21/8 1.76s
case_30: r_tmax=0.81 hypo 53/49 dice 0.90 core 11/7 1.19s
case_31: r_tmax=0.16 hypo 52/80 dice 0.48 core 67/1 1.6s
case_32: r_tmax=0.89 hypo 66/61 dice 0.91 core 15/11 1.16s
case_33: r_tmax=0.91 hypo 67/65 dice 0.93 core 15/7 1.07s
case_34: r_tmax=0.91 hypo 34/33 dice 0.93 core 13/11 0.76s
case_35: r_tmax=0.81 hypo 50/42 dice 0.86 core 10/6 0.49s
case_36: r_tmax=0.79 hypo 29/27 dice 0.82 core 21/14 0.77s
case_37: r_tmax=0.59 hypo 31/47 dice 0.74 core 35/9 0.81s
case_38: r_tmax=0.90 hypo 67/58 dice 0.90 core 10/6 0.62s
case_39: r_tmax=0.84 hypo 36/52 dice 0.81 core 2/2 0.92s
case_40: r_tmax=0.89 hypo 59/67 dice 0.92 core 0/0 0.88s
case_41: r_tmax=0.79 hypo 7/2 dice 0.49 core 8/0 0.62s
case_42: r_tmax=0.85 hypo 46/35 dice 0.84 core 23/13 0.59s
case_43: r_tmax=0.82 hypo 72/76 dice 0.93 core 51/50 0.78s
case_44: r_tmax=0.89 hypo 95/101 dice 0.95 core 41/41 0.56s
case_45: r_tmax=0.93 hypo 29/23 dice 0.87 core 6/4 0.57s
case_46: r_tmax=0.89 hypo 56/57 dice 0.96 core 20/9 0.82s
case_47: r_tmax=0.31 hypo 22/45 dice 0.62 core 29/18 0.95s
case_48: r_tmax=0.69 hypo 20/39 dice 0.66 core 11/8 0.86s
case_49: r_tmax=0.78 hypo 37/33 dice 0.92 core 8/3 0.55s
case_50: r_tmax=0.74 hypo 8/34 dice 0.34 core 6/1 0.7s
case_51: r_tmax=0.19 hypo 131/85 dice 0.43 core 108/11 0.87s
case_52: r_tmax=0.65 hypo 92/88 dice 0.88 core 35/11 0.8s
case_53: r_tmax=0.96 hypo 41/34 dice 0.88 core 11/8 0.8s
case_54: r_tmax=0.94 hypo 41/36 dice 0.90 core 16/10 0.79s
case_55: r_tmax=0.65 hypo 1/1 dice 0.86 core 0/0 0.61s
case_56: r_tmax=0.88 hypo 13/15 dice 0.91 core 5/5 0.55s
case_57: r_tmax=0.34 hypo 15/50 dice 0.46 core 23/19 0.83s
case_58: r_tmax=0.88 hypo 64/59 dice 0.93 core 32/20 0.57s
case_59: r_tmax=0.85 hypo 8/6 dice 0.84 core 12/7 0.77s
case_60: r_tmax=0.86 hypo 14/13 dice 0.90 core 9/6 0.49s
case_61: r_tmax=0.18 hypo 17/65 dice 0.41 core 15/9 0.88s
case_62: r_tmax=0.90 hypo 29/32 dice 0.95 core 5/2 0.55s
case_63: r_tmax=0.87 hypo 9/17 dice 0.67 core 3/1 0.79s
case_64: r_tmax=0.80 hypo 16/17 dice 0.84 core 3/1 0.61s
case_65: r_tmax=0.73 hypo 1/6 dice 0.29 core 4/1 0.76s
case_66: r_tmax=0.89 hypo 39/35 dice 0.92 core 9/2 0.92s
case_67: r_tmax=0.86 hypo 41/37 dice 0.90 core 4/0 0.78s
case_68: r_tmax=0.49 hypo 50/66 dice 0.79 core 9/11 0.9s
case_69: r_tmax=-0.06 hypo 16/54 dice 0.38 core 44/23 0.62s
case_70: r_tmax=0.82 hypo 85/82 dice 0.90 core 53/41 0.87s
case_71: r_tmax=0.87 hypo 96/87 dice 0.90 core 58/47 0.95s
case_72: r_tmax=0.91 hypo 81/79 dice 0.92 core 29/28 0.86s
case_73: r_tmax=0.89 hypo 61/67 dice 0.92 core 37/16 0.85s
case_74: r_tmax=0.90 hypo 32/37 dice 0.89 core 18/10 0.78s
case_75: r_tmax=0.84 hypo 47/45 dice 0.91 core 22/14 0.92s
case_76: r_tmax=0.94 hypo 53/53 dice 0.95 core 27/13 0.89s
case_77: r_tmax=0.57 hypo 77/60 dice 0.74 core 3/9 0.65s
case_78: r_tmax=0.76 hypo 30/27 dice 0.94 core 6/4 0.58s
case_79: r_tmax=0.91 hypo 28/27 dice 0.95 core 2/0 0.82s
case_80: r_tmax=0.68 hypo 237/154 dice 0.71 core 4/12 24.09s
case_81: r_tmax=0.84 hypo 74/83 dice 0.84 core 43/20 11.99s
case_82: r_tmax=0.80 hypo 157/169 dice 0.86 core 113/72 8.89s
case_83: r_tmax=0.88 hypo 169/133 dice 0.83 core 27/20 7.55s
case_84: r_tmax=0.85 hypo 235/237 dice 0.96 core 79/75 9.94s
case_85: r_tmax=0.75 hypo 45/85 dice 0.67 core 65/60 7.38s
case_86: r_tmax=0.43 hypo 329/145 dice 0.46 core 0/0 16.93s
case_87: r_tmax=0.87 hypo 68/70 dice 0.92 core 46/39 11.54s
case_88: r_tmax=0.83 hypo 166/144 dice 0.87 core 49/13 7.83s
case_89: r_tmax=0.60 hypo 111/143 dice 0.79 core 2/4 10.85s
case_90: r_tmax=0.75 hypo 37/36 dice 0.93 core 25/9 9.38s
case_91: r_tmax=0.90 hypo 139/114 dice 0.86 core 64/53 5.63s
case_92: r_tmax=0.71 hypo 23/14 dice 0.73 core 13/12 8.71s
case_93: r_tmax=0.73 hypo 235/300 dice 0.82 core 86/109 10.98s
case_94: r_tmax=0.82 hypo 10/12 dice 0.83 core 7/5 10.88s
{"config": "{\"method\": \"osvd\", \"spatial_sigma\": 2.0, \"oi_threshold\": 0.05}", "n": 94, "r_cbf": 0.969, "r_cbv": 0.977, "r_tmax": 0.748, "sp_tmax": 0.828, "hypo_dice": 0.768, "hypo_icc": 0.858, "hypo_bias": -1.326, "core_dice": 0.625, "core_icc": 0.736, "core_bias": 7.113, "defuse3_kappa": 0.499, "hypo_dice_t4": 0.647, "hypo_bias_t4": 36.054, "hypo_dice_t5": 0.735, "hypo_bias_t5": 12.75, "hypo_dice_t6": 0.765, "hypo_bias_t6": -0.178, "hypo_dice_t7": 0.74, "hypo_bias_t7": -8.598, "hypo_dice_t8": 0.676, "hypo_bias_t8": -15.076, "hypo_dice_t9": 0.606, "hypo_bias_t9": -20.53, "hypo_dice_t10": 0.534, "hypo_bias_t10": -25.089, "core_dice_c25": 0.653, "core_dice_c30": 0.619, "core_dice_c35": 0.478, "core_dice_c40": 0.377, "seconds": 360.2}
case_1: r_tmax=0.74 hypo 35/18 dice 0.60 core 0/0 2.49s
case_2: r_tmax=0.73 hypo 0/1 dice 0.00 core 0/0 3.58s
case_3: r_tmax=0.88 hypo 16/17 dice 0.91 core 3/2 3.22s
case_4: r_tmax=0.92 hypo 33/39 dice 0.90 core 6/6 2.22s
case_5: r_tmax=0.55 hypo 64/89 dice 0.69 core 4/0 3.42s
case_6: r_tmax=0.41 hypo 10/7 dice 0.63 core 0/0 3.62s
case_7: r_tmax=0.49 hypo 10/82 dice 0.20 core 2/2 3.82s
case_8: r_tmax=0.81 hypo 122/126 dice 0.76 core 1/1 2.43s
case_9: r_tmax=0.85 hypo 95/81 dice 0.85 core 22/13 2.44s
case_10: r_tmax=0.87 hypo 21/23 dice 0.90 core 23/22 1.18s
case_11: r_tmax=0.96 hypo 37/38 dice 0.95 core 3/3 1.6s
case_12: r_tmax=0.73 hypo 31/29 dice 0.92 core 6/6 1.06s
case_13: r_tmax=0.71 hypo 35/43 dice 0.88 core 0/0 1.31s
case_14: r_tmax=0.89 hypo 36/38 dice 0.94 core 8/5 1.39s
case_15: r_tmax=0.04 hypo 126/57 dice 0.55 core 32/21 1.12s
case_16: r_tmax=0.38 hypo 7/43 dice 0.27 core 4/6 1.64s
case_17: r_tmax=0.90 hypo 47/55 dice 0.90 core 7/7 1.4s
case_18: r_tmax=0.72 hypo 29/24 dice 0.82 core 4/6 0.76s
case_19: r_tmax=0.87 hypo 48/59 dice 0.88 core 28/21 0.55s
case_20: r_tmax=0.65 hypo 65/60 dice 0.91 core 10/9 0.79s
case_21: r_tmax=0.61 hypo 2/1 dice 0.71 core 0/0 0.53s
case_22: r_tmax=0.65 hypo 23/21 dice 0.82 core 0/0 0.71s
case_23: r_tmax=0.70 hypo 46/48 dice 0.91 core 1/1 1.52s
case_24: r_tmax=0.71 hypo 42/43 dice 0.92 core 0/0 1.62s
case_25: r_tmax=0.61 hypo 87/122 dice 0.80 core 1/9 1.71s
case_26: r_tmax=0.77 hypo 6/0 dice 0.00 core 0/1 1.09s
case_27: r_tmax=0.77 hypo 11/14 dice 0.83 core 9/10 1.0s
case_28: r_tmax=0.83 hypo 25/34 dice 0.77 core 14/14 1.01s
case_29: r_tmax=0.11 hypo 7/46 dice 0.25 core 17/8 1.64s
case_30: r_tmax=0.86 hypo 53/49 dice 0.92 core 18/7 1.14s
case_31: r_tmax=0.02 hypo 18/80 dice 0.11 core 2/1 1.56s
case_32: r_tmax=0.90 hypo 65/61 dice 0.91 core 18/11 0.85s
case_33: r_tmax=0.86 hypo 63/65 dice 0.91 core 6/7 0.97s
case_34: r_tmax=0.87 hypo 33/33 dice 0.93 core 10/11 0.68s
case_35: r_tmax=0.85 hypo 50/42 dice 0.89 core 4/6 0.54s
case_36: r_tmax=0.77 hypo 30/27 dice 0.81 core 33/14 0.77s
case_37: r_tmax=0.57 hypo 30/47 dice 0.73 core 20/9 0.69s
case_38: r_tmax=0.87 hypo 69/58 dice 0.88 core 7/6 0.52s
case_39: r_tmax=0.83 hypo 36/52 dice 0.81 core 2/2 0.86s
case_40: r_tmax=0.88 hypo 59/67 dice 0.92 core 0/0 0.86s
case_41: r_tmax=0.70 hypo 9/2 dice 0.43 core 0/0 0.6s
case_42: r_tmax=0.69 hypo 50/35 dice 0.74 core 9/13 0.56s
case_43: r_tmax=0.82 hypo 71/76 dice 0.93 core 51/50 0.83s
case_44: r_tmax=0.89 hypo 95/101 dice 0.95 core 41/41 0.56s
case_45: r_tmax=0.94 hypo 29/23 dice 0.87 core 5/4 0.57s
case_46: r_tmax=0.84 hypo 56/57 dice 0.95 core 11/9 0.76s
case_47: r_tmax=0.17 hypo 18/45 dice 0.53 core 30/18 0.82s
case_48: r_tmax=0.61 hypo 21/39 dice 0.66 core 10/8 0.88s
case_49: r_tmax=0.88 hypo 37/33 dice 0.92 core 3/3 0.49s
case_50: r_tmax=0.75 hypo 9/34 dice 0.37 core 1/1 0.68s
case_51: r_tmax=0.03 hypo 179/85 dice 0.37 core 5/11 0.78s
case_52: r_tmax=0.71 hypo 103/88 dice 0.87 core 14/11 0.76s
case_53: r_tmax=0.89 hypo 41/34 dice 0.89 core 8/8 0.77s
case_54: r_tmax=0.87 hypo 46/36 dice 0.83 core 10/10 0.74s
case_55: r_tmax=0.65 hypo 1/1 dice 0.86 core 0/0 0.55s
case_56: r_tmax=0.88 hypo 12/15 dice 0.91 core 5/5 0.54s
case_57: r_tmax=0.23 hypo 14/50 dice 0.44 core 52/19 0.75s
case_58: r_tmax=0.73 hypo 74/59 dice 0.83 core 22/20 0.53s
case_59: r_tmax=0.85 hypo 9/6 dice 0.69 core 8/7 0.68s
case_60: r_tmax=0.86 hypo 14/13 dice 0.88 core 8/6 0.43s
case_61: r_tmax=0.22 hypo 19/65 dice 0.44 core 18/9 0.87s
case_62: r_tmax=0.92 hypo 29/32 dice 0.95 core 5/2 0.57s
case_63: r_tmax=0.85 hypo 9/17 dice 0.67 core 2/1 0.9s
case_64: r_tmax=0.77 hypo 16/17 dice 0.84 core 0/1 0.69s
case_65: r_tmax=0.54 hypo 1/6 dice 0.32 core 1/1 0.84s
case_66: r_tmax=0.78 hypo 37/35 dice 0.89 core 0/2 0.97s
case_67: r_tmax=0.73 hypo 44/37 dice 0.84 core 0/0 0.94s
case_68: r_tmax=0.39 hypo 43/66 dice 0.75 core 5/11 1.01s
case_69: r_tmax=-0.27 hypo 0/54 dice 0.00 core 6/23 0.69s
case_70: r_tmax=0.71 hypo 90/82 dice 0.85 core 26/41 0.86s
case_71: r_tmax=0.76 hypo 100/87 dice 0.85 core 25/47 0.85s
case_72: r_tmax=0.83 hypo 81/79 dice 0.90 core 24/28 0.78s
case_73: r_tmax=0.75 hypo 55/67 dice 0.85 core 20/16 0.7s
case_74: r_tmax=0.89 hypo 30/37 dice 0.89 core 17/10 0.65s
case_75: r_tmax=0.87 hypo 51/45 dice 0.90 core 8/14 0.8s
case_76: r_tmax=0.78 hypo 53/53 dice 0.90 core 13/13 0.72s
case_77: r_tmax=0.54 hypo 78/60 dice 0.72 core 0/9 0.57s
case_78: r_tmax=0.77 hypo 30/27 dice 0.94 core 6/4 0.51s
case_79: r_tmax=0.87 hypo 29/27 dice 0.90 core 0/0 0.83s
case_80: r_tmax=0.68 hypo 237/154 dice 0.71 core 3/12 23.55s
case_81: r_tmax=0.79 hypo 77/83 dice 0.83 core 19/20 10.82s
case_82: r_tmax=0.80 hypo 175/169 dice 0.87 core 56/72 5.47s
case_83: r_tmax=0.84 hypo 185/133 dice 0.80 core 18/20 6.26s
case_84: r_tmax=0.85 hypo 235/237 dice 0.96 core 79/75 7.69s
case_85: r_tmax=0.69 hypo 39/85 dice 0.63 core 59/60 6.24s
case_86: r_tmax=0.37 hypo 360/145 dice 0.43 core 0/0 13.38s
case_87: r_tmax=0.87 hypo 71/70 dice 0.93 core 38/39 8.3s
case_88: r_tmax=0.64 hypo 196/144 dice 0.75 core 11/13 6.09s
case_89: r_tmax=0.58 hypo 114/143 dice 0.79 core 0/4 9.17s
case_90: r_tmax=0.60 hypo 40/36 dice 0.83 core 11/9 10.58s
case_91: r_tmax=0.80 hypo 147/114 dice 0.82 core 57/53 7.69s
case_92: r_tmax=0.62 hypo 26/14 dice 0.68 core 10/12 9.52s
case_93: r_tmax=0.71 hypo 239/300 dice 0.82 core 67/109 13.34s
case_94: r_tmax=0.80 hypo 10/12 dice 0.80 core 4/5 9.91s
{"config": "{\"method\": \"osvd\", \"spatial_sigma\": 2.0, \"oi_threshold\": 0.095}", "n": 94, "r_cbf": 0.967, "r_cbv": 0.977, "r_tmax": 0.696, "sp_tmax": 0.782, "hypo_dice": 0.747, "hypo_icc": 0.819, "hypo_bias": 0.556, "core_dice": 0.64, "core_icc": 0.897, "core_bias": 0.005, "defuse3_kappa": 0.539, "hypo_dice_t4": 0.627, "hypo_bias_t4": 36.34, "hypo_dice_t5": 0.708, "hypo_bias_t5": 14.261, "hypo_dice_t6": 0.742, "hypo_bias_t6": 1.863, "hypo_dice_t7": 0.731, "hypo_bias_t7": -6.187, "hypo_dice_t8": 0.678, "hypo_bias_t8": -12.636, "hypo_dice_t9": 0.618, "hypo_bias_t9": -18.223, "hypo_dice_t10": 0.548, "hypo_bias_t10": -23.151, "core_dice_c25": 0.458, "core_dice_c30": 0.624, "core_dice_c35": 0.538, "core_dice_c40": 0.415, "seconds": 337.7}
